
> astrobless@0.0.0 build
> tsc -b && vite build

src/components/AstrologerCard.tsx(2,16): error TS6133: 'MessageSquare' is declared but its value is never read.
src/components/AstrologerCard.tsx(2,31): error TS6133: 'Phone' is declared but its value is never read.
src/components/LogoutModal.tsx(3,18): error TS6133: 'X' is declared but its value is never read.
src/components/Navbar.tsx(4,38): error TS6133: 'Sparkles' is declared but its value is never read.
src/components/Sidebar.tsx(41,7): error TS6133: 'Sidebar' is declared but its value is never read.
src/pages/AIChatPage.tsx(3,33): error TS6133: 'MessageSquare' is declared but its value is never read.
src/pages/ChatPage.tsx(7,3): error TS6133: 'MoreVertical' is declared but its value is never read.
src/pages/ChatPage.tsx(12,3): error TS6133: 'Video' is declared but its value is never read.
src/pages/ChatPage.tsx(13,3): error TS6133: 'Clock' is declared but its value is never read.
src/pages/ChatPage.tsx(21,3): error TS6133: 'CreditCard' is declared but its value is never read.
src/pages/EditProfile.tsx(13,3): error TS6133: 'CheckCircle2' is declared but its value is never read.
src/pages/EditProfile.tsx(14,3): error TS6133: 'ChevronRight' is declared but its value is never read.
src/pages/ForgotPassword.tsx(4,39): error TS6133: 'ShieldCheck' is declared but its value is never read.
src/pages/Horoscope.tsx(4,3): error TS6133: 'Sun' is declared but its value is never read.
src/pages/Horoscope.tsx(37,9): error TS6133: 'today' is declared but its value is never read.
src/pages/LandingPage.tsx(18,9): error TS6133: 'containerVariants' is declared but its value is never read.
src/pages/LandingPage.tsx(28,9): error TS6133: 'itemVariants' is declared but its value is never read.
src/pages/Notifications.tsx(8,3): error TS6133: 'Calendar' is declared but its value is never read.
src/pages/Notifications.tsx(17,1): error TS6133: 'Link' is declared but its value is never read.
src/pages/UserProfile.tsx(4,3): error TS6133: 'User' is declared but its value is never read.
